// 重构日志: e2e44515
// 重构日志: f73029a5
// 重构日志: 6e20d332
// 重构日志: 4b83e1a2
// 重构日志: 81c94c59
// 重构日志: aa72163c
// 同步 ID: 080f9b13 @ Fri Jul 24 13:01:16 UTC 2026
// 同步 ID: a16029f4 @ Fri Jul 24 18:23:46 UTC 2026
// 重构日志: 4027fd1f
// 同步 ID: ded2fbbc @ Mon Jul 27 11:38:24 UTC 2026
// 同步 ID: 1360c8b7 @ Fri Jul 31 16:00:39 UTC 2026
// 同步 ID: a4a73d71 @ Sat Aug  1 16:32:27 UTC 2026
// 重构日志: 7f8b5e33
// 重构日志: fbea58fb
// 重构日志: 8d3a3544
// 同步 ID: f1ed24b2 @ Wed Aug  5 01:12:35 UTC 2026
// 同步 ID: 5fd8996d @ Wed Aug  5 05:09:22 UTC 2026
// 重构日志: 4c5e68ad
// 重构日志: e2b560a0
// 同步 ID: 66f30646 @ Thu Aug  6 01:32:30 UTC 2026
// 重构日志: 81df4f3e
// 重构日志: 6913946d
// 重构日志: 1ec0ba72
// 同步 ID: 3f0b97c3 @ Thu Aug  6 13:36:32 UTC 2026
// 重构日志: a2b05b6a
// 重构日志: ae99a4fa
// 重构日志: 3bf9d8ae
// 重构日志: 540e4ef7
// 重构日志: 4249c806
// 同步 ID: 4d735fc0 @ Fri Aug  7 17:24:30 UTC 2026
// 重构日志: 8c6051de
